// Vitest Snapshot v1, https://vitest.dev/guide/snapshot.html

exports[`Componente Card > genera un snapshot válido 1`] = `
<DocumentFragment>
  <a
    class="card"
    href="/ruta-de-prueba"
  >
    <div
      class="card-content"
    >
      <h3
        class="card-title title-secondary"
        data-testid="title-component"
      >
        Título de Prueba
      </h3>
      <p
        class="card-description"
        data-testid="body-component"
      >
        Descripción de prueba para el componente Card.
      </p>
    </div>
  </a>
  <a
    class="card-link"
    href="/ruta-de-prueba"
  >
    <svg
      fill="currentColor"
      height="30"
      stroke="currentColor"
      stroke-width="0"
      viewBox="0 0 512 512"
      width="30"
      xmlns="http://www.w3.org/2000/svg"
    >
      <path
        d="M294.1 256L167 129c-9.4-9.4-9.4-24.6 0-33.9s24.6-9.3 34 0L345 239c9.1 9.1 9.3 23.7.7 33.1L201.1 417c-4.7 4.7-10.9 7-17 7s-12.3-2.3-17-7c-9.4-9.4-9.4-24.6 0-33.9l127-127.1z"
      />
    </svg>
  </a>
</DocumentFragment>
`;
